{
    "Should run without failures": {
        "content": [
            {
                "0": [
                    [
                        "MGYG000000001",
                        "MGYG000299389_crisprcasfinder.gff:md5,dee757c84f1f24d6d7d307d2f619eba6"
                    ]
                ],
                "1": [
                    [
                        "MGYG000000001",
                        "MGYG000299389_crisprcasfinder.tsv:md5,2dbe0adb38bd359eca7eb980f4f6daf9"
                    ]
                ],
                "2": [
                    [
                        "MGYG000000001",
                        "MGYG000299389_crisprcasfinder_hq.gff:md5,54842f3efcc24aeda4bc43947554929b"
                    ]
                ],
                "gff": [
                    [
                        "MGYG000000001",
                        "MGYG000299389_crisprcasfinder.gff:md5,dee757c84f1f24d6d7d307d2f619eba6"
                    ]
                ],
                "hq_gff": [
                    [
                        "MGYG000000001",
                        "MGYG000299389_crisprcasfinder_hq.gff:md5,54842f3efcc24aeda4bc43947554929b"
                    ]
                ],
                "tsv": [
                    [
                        "MGYG000000001",
                        "MGYG000299389_crisprcasfinder.tsv:md5,2dbe0adb38bd359eca7eb980f4f6daf9"
                    ]
                ]
            }
        ],
        "meta": {
            "nf-test": "0.9.2",
            "nextflow": "24.10.4"
        },
        "timestamp": "2026-06-24T12:00:07.656463499"
    },
    "Should run without failures on genome with numeric suffix": {
        "content": [
            {
                "0": [
                    [
                        "MGYG000000001",
                        "MGYG000299389.1_crisprcasfinder.gff:md5,dee757c84f1f24d6d7d307d2f619eba6"
                    ]
                ],
                "1": [
                    [
                        "MGYG000000001",
                        "MGYG000299389.1_crisprcasfinder.tsv:md5,2dbe0adb38bd359eca7eb980f4f6daf9"
                    ]
                ],
                "2": [
                    [
                        "MGYG000000001",
                        "MGYG000299389.1_crisprcasfinder_hq.gff:md5,54842f3efcc24aeda4bc43947554929b"
                    ]
                ],
                "gff": [
                    [
                        "MGYG000000001",
                        "MGYG000299389.1_crisprcasfinder.gff:md5,dee757c84f1f24d6d7d307d2f619eba6"
                    ]
                ],
                "hq_gff": [
                    [
                        "MGYG000000001",
                        "MGYG000299389.1_crisprcasfinder_hq.gff:md5,54842f3efcc24aeda4bc43947554929b"
                    ]
                ],
                "tsv": [
                    [
                        "MGYG000000001",
                        "MGYG000299389.1_crisprcasfinder.tsv:md5,2dbe0adb38bd359eca7eb980f4f6daf9"
                    ]
                ]
            }
        ],
        "meta": {
            "nf-test": "0.9.2",
            "nextflow": "24.10.4"
        },
        "timestamp": "2026-06-24T11:56:10.187098194"
    }
}