{
    "Should run Panaroo path for small clusters": {
        "content": [
            [
                [
                    "CAJLGA01",
                    "CAJLGA01.pan-genome.fna:md5,e9ba22fd50ec9204ed45670b37aa0d70"
                ]
            ],
            [
                [
                    "CAJLGA01",
                    "CAJJTO01.faa:md5,81ac972d00fb0c88becfd69462466f02"
                ],
                [
                    "CAJLGA01",
                    "CAJKGB01.faa:md5,a24f18ff7bd198004d9419f773049b22"
                ],
                [
                    "CAJLGA01",
                    "CAJLGA01.faa:md5,0de6874f8ac1f5ce2f83c82dfcdaca59"
                ]
            ],
            [
                [
                    "CAJLGA01",
                    "CAJJTO01.fna:md5,c6cd5c3773e2c8536caf0882b6b52b8a"
                ],
                [
                    "CAJLGA01",
                    "CAJKGB01.fna:md5,47cccbb99536d4d308a13088bc67b1b5"
                ],
                [
                    "CAJLGA01",
                    "CAJLGA01.fna:md5,7adfd09cc0deb5248c0ccf785bf0a8cd"
                ]
            ],
            [
                [
                    "CAJLGA01",
                    "CAJJTO01.gff:md5,473f368febe98d67441e979e9d1fcbc0"
                ],
                [
                    "CAJLGA01",
                    "CAJKGB01.gff:md5,9f19a2e8a038bf79350294b7def1570e"
                ],
                [
                    "CAJLGA01",
                    "CAJLGA01.gff:md5,5faa2a18d3e96e311aca1eb773c2b3f1"
                ]
            ],
            [
                [
                    "CAJLGA01",
                    "CAJLGA01.fna:md5,7adfd09cc0deb5248c0ccf785bf0a8cd"
                ]
            ],
            [
                [
                    "CAJLGA01",
                    "CAJLGA01.gff:md5,5faa2a18d3e96e311aca1eb773c2b3f1"
                ]
            ],
            [
                [
                    "CAJLGA01",
                    "CAJLGA01.faa:md5,0de6874f8ac1f5ce2f83c82dfcdaca59"
                ]
            ],
            [
                [
                    "CAJLGA01",
                    "CAJLGA01.gbk:md5,3a6a9b809e54a8e91cdef9067b8c7961"
                ]
            ],
            [
                [
                    "CAJLGA01",
                    "CAJLGA01.ffn:md5,09860fec8633a03336e446507adb396d"
                ]
            ],
            [
                [
                    "CAJLGA01",
                    "CAJJTO01.fna:md5,c6cd5c3773e2c8536caf0882b6b52b8a"
                ],
                [
                    "CAJLGA01",
                    "CAJKGB01.fna:md5,47cccbb99536d4d308a13088bc67b1b5"
                ]
            ],
            [
                [
                    "CAJLGA01",
                    "CAJJTO01.gff:md5,473f368febe98d67441e979e9d1fcbc0"
                ],
                [
                    "CAJLGA01",
                    "CAJKGB01.gff:md5,9f19a2e8a038bf79350294b7def1570e"
                ]
            ]
        ],
        "meta": {
            "nf-test": "0.9.3",
            "nextflow": "25.10.0"
        },
        "timestamp": "2026-05-19T13:54:04.109478"
    },
    "Should run mmseqs2 path for large clusters": {
        "content": [
            [
                [
                    "CAJLGA01",
                    "CAJLGA01.pan-genome.fna:md5,40afce4bcd26cad1b30c512034a5ee06"
                ]
            ],
            [
                [
                    "CAJLGA01",
                    "CAJJTO01.faa:md5,81ac972d00fb0c88becfd69462466f02"
                ],
                [
                    "CAJLGA01",
                    "CAJKGB01.faa:md5,a24f18ff7bd198004d9419f773049b22"
                ],
                [
                    "CAJLGA01",
                    "CAJLGA01.faa:md5,0de6874f8ac1f5ce2f83c82dfcdaca59"
                ]
            ],
            [
                [
                    "CAJLGA01",
                    "CAJJTO01.fna:md5,c6cd5c3773e2c8536caf0882b6b52b8a"
                ],
                [
                    "CAJLGA01",
                    "CAJKGB01.fna:md5,47cccbb99536d4d308a13088bc67b1b5"
                ],
                [
                    "CAJLGA01",
                    "CAJLGA01.fna:md5,7adfd09cc0deb5248c0ccf785bf0a8cd"
                ]
            ],
            [
                [
                    "CAJLGA01",
                    "CAJJTO01.gff:md5,473f368febe98d67441e979e9d1fcbc0"
                ],
                [
                    "CAJLGA01",
                    "CAJKGB01.gff:md5,9f19a2e8a038bf79350294b7def1570e"
                ],
                [
                    "CAJLGA01",
                    "CAJLGA01.gff:md5,5faa2a18d3e96e311aca1eb773c2b3f1"
                ]
            ],
            [
                [
                    "CAJLGA01",
                    "CAJLGA01.fna:md5,7adfd09cc0deb5248c0ccf785bf0a8cd"
                ]
            ],
            [
                [
                    "CAJLGA01",
                    "CAJLGA01.gff:md5,5faa2a18d3e96e311aca1eb773c2b3f1"
                ]
            ],
            [
                [
                    "CAJLGA01",
                    "CAJLGA01.faa:md5,0de6874f8ac1f5ce2f83c82dfcdaca59"
                ]
            ],
            [
                [
                    "CAJLGA01",
                    "CAJLGA01.gbk:md5,3a6a9b809e54a8e91cdef9067b8c7961"
                ]
            ],
            [
                [
                    "CAJLGA01",
                    "CAJLGA01.ffn:md5,09860fec8633a03336e446507adb396d"
                ]
            ],
            [
                [
                    "CAJLGA01",
                    "CAJJTO01.fna:md5,c6cd5c3773e2c8536caf0882b6b52b8a"
                ],
                [
                    "CAJLGA01",
                    "CAJKGB01.fna:md5,47cccbb99536d4d308a13088bc67b1b5"
                ]
            ],
            [
                [
                    "CAJLGA01",
                    "CAJJTO01.gff:md5,473f368febe98d67441e979e9d1fcbc0"
                ],
                [
                    "CAJLGA01",
                    "CAJKGB01.gff:md5,9f19a2e8a038bf79350294b7def1570e"
                ]
            ]
        ],
        "meta": {
            "nf-test": "0.9.3",
            "nextflow": "25.10.0"
        },
        "timestamp": "2026-05-19T14:09:49.155453"
    }
}