{
    "Should run without failures": {
        "content": [
            [
                [
                    "CAJLGA01",
                    "CAJJTO01.faa:md5,87da0675d312c4089db76ff1ce534bdf"
                ],
                [
                    "CAJLGA01",
                    "CAJKGB01.faa:md5,ad7fd9b962c3d6417aed98b94dd8a32b"
                ],
                [
                    "CAJLGA01",
                    "CAJLGA01.faa:md5,f8739821dedeb6b8724881ed72016661"
                ]
            ],
            [
                [
                    "CAJLGA01",
                    "CAJJTO01.fna:md5,c6cd5c3773e2c8536caf0882b6b52b8a"
                ],
                [
                    "CAJLGA01",
                    "CAJKGB01.fna:md5,47cccbb99536d4d308a13088bc67b1b5"
                ],
                [
                    "CAJLGA01",
                    "CAJLGA01.fna:md5,7adfd09cc0deb5248c0ccf785bf0a8cd"
                ]
            ],
            [
                [
                    "CAJLGA01",
                    "CAJJTO01.gff:md5,454880f5eb2a6fd91fcfbdd365259f50"
                ],
                [
                    "CAJLGA01",
                    "CAJKGB01.gff:md5,919a04e2e13913d68b3222e94831aeae"
                ],
                [
                    "CAJLGA01",
                    "CAJLGA01.gff:md5,d612867e1c0bf28780775c264b08c83b"
                ]
            ],
            [
                [
                    "CAJLGA01",
                    "CAJLGA01.fna:md5,7adfd09cc0deb5248c0ccf785bf0a8cd"
                ]
            ],
            [
                [
                    "CAJLGA01",
                    "CAJLGA01.gff:md5,d612867e1c0bf28780775c264b08c83b"
                ]
            ],
            [
                [
                    "CAJLGA01",
                    "CAJLGA01.faa:md5,f8739821dedeb6b8724881ed72016661"
                ]
            ],
            [
                [
                    "CAJLGA01",
                    "CAJLGA01.gbk:md5,1c3daf1527dab292e01f2cf86448f2c9"
                ]
            ],
            [
                [
                    "CAJLGA01",
                    "CAJLGA01.ffn:md5,a53fc09c41d9485378d3d4d1dc464ba0"
                ]
            ],
            [
                [
                    "CAJLGA01",
                    "CAJJTO01.fna:md5,c6cd5c3773e2c8536caf0882b6b52b8a"
                ],
                [
                    "CAJLGA01",
                    "CAJKGB01.fna:md5,47cccbb99536d4d308a13088bc67b1b5"
                ]
            ],
            [
                [
                    "CAJLGA01",
                    "CAJJTO01.gff:md5,454880f5eb2a6fd91fcfbdd365259f50"
                ],
                [
                    "CAJLGA01",
                    "CAJKGB01.gff:md5,919a04e2e13913d68b3222e94831aeae"
                ]
            ],
            [
                [
                    "CAJLGA01",
                    "CAJLGA01.core_genes.txt:md5,99b02869a691be679e37b4f908a11b63"
                ]
            ]
        ],
        "timestamp": "2023-04-25T15:18:08+0000"
    }
}
